// Jest Snapshot v1, https://goo.gl/fbAQLP

exports[`AddTodo AddTodo initial render snapshot 1`] = `
<form
  className="ui form AddTodo"
  onSubmit={[Function]}
>
  <div
    className="inline fields"
  >
    <label
      className="label"
      htmlFor="newTask"
    >
      New Task
    </label>
    <div
      className="field"
    >
      <div
        className="ui input"
        data-testid="new-task"
      >
        <input
          aria-describedby={null}
          name="newTask"
          onBlur={[Function]}
          onChange={[Function]}
          onClick={[Function]}
          onFocus={[Function]}
          onMouseEnter={[Function]}
          onMouseLeave={[Function]}
          placeholder="New Task"
          type="text"
          value=""
        />
      </div>
    </div>
    <label
      className="label"
      htmlFor="due-date"
    >
      Due Date
    </label>
    <input
      className="dueDate"
      data-testid="due-date"
      name="due-date"
      onBlur={[Function]}
      onChange={[Function]}
      onClick={[Function]}
      onFocus={[Function]}
      onMouseEnter={[Function]}
      onMouseLeave={[Function]}
      type="date"
      value=""
    />
    <div
      className="field"
    >
      <button
        aria-describedby={null}
        className="ui blue icon button"
        data-testid="add-button"
        onBlur={[Function]}
        onClick={[Function]}
        onFocus={[Function]}
        onMouseEnter={[Function]}
        onMouseLeave={[Function]}
      >
        <i
          aria-hidden="true"
          className="plus icon"
          onClick={[Function]}
        />
      </button>
    </div>
  </div>
</form>
`;
